// Jest Snapshot v1, https://goo.gl/fbAQLP

exports[`foo() nested returns bar 1`] = `"bar"`;
